INFO 2025-09-27 22:06:15,029 autoreload 17400 8732 Watching for file changes with StatReloader
ERROR 2025-09-27 22:06:22,778 basehttp 17400 12908 "GET / HTTP/1.1" 500 193100
ERROR 2025-09-27 22:06:24,408 basehttp 17400 12908 "GET / HTTP/1.1" 500 193100
INFO 2025-09-27 22:06:36,847 autoreload 10008 16064 Watching for file changes with StatReloader
ERROR 2025-09-27 22:06:38,528 basehttp 10008 17556 "GET / HTTP/1.1" 500 192797
INFO 2025-09-27 22:07:08,285 autoreload 19944 10932 Watching for file changes with StatReloader
ERROR 2025-09-27 22:07:15,949 basehttp 19944 19452 "GET / HTTP/1.1" 500 192797
INFO 2025-09-27 22:09:09,713 autoreload 9596 12736 Watching for file changes with StatReloader
INFO 2025-09-27 22:09:17,983 basehttp 19944 19452 "GET / HTTP/1.1" 200 21027
INFO 2025-09-27 22:09:18,098 basehttp 19944 9780 "GET /static/js/main.js HTTP/1.1" 200 25670
INFO 2025-09-27 22:09:18,099 basehttp 19944 19452 "GET /static/css/style.css HTTP/1.1" 200 57370
INFO 2025-09-27 22:09:18,221 basehttp 19944 9780 "GET /media/courses/images.jpg HTTP/1.1" 304 0
INFO 2025-09-27 22:09:18,314 basehttp 19944 9780 "GET /static/sw.js HTTP/1.1" 200 7243
INFO 2025-09-27 22:09:18,318 basehttp 19944 20532 "GET /static/manifest.json HTTP/1.1" 200 3676
WARNING 2025-09-27 22:09:18,397 basehttp 19944 9780 "GET /static/images/icon-144x144.png HTTP/1.1" 404 1883
INFO 2025-09-27 22:09:18,411 basehttp 19944 19452 "GET / HTTP/1.1" 200 21027
WARNING 2025-09-27 22:09:18,418 basehttp 19944 11256 "GET /static/images/favicon.ico HTTP/1.1" 404 1868
WARNING 2025-09-27 22:09:33,666 basehttp 19944 10144 "GET /static/images/about-preview.jpg HTTP/1.1" 404 1886
INFO 2025-09-27 22:09:34,744 basehttp 19944 22500 "GET /media/departments/WE_CAN.jpg HTTP/1.1" 304 0
INFO 2025-09-27 22:09:43,645 basehttp 19944 5036 "GET /departments/ HTTP/1.1" 200 11962
INFO 2025-09-27 22:09:43,694 basehttp 19944 5036 "GET /static/js/main.js HTTP/1.1" 304 0
WARNING 2025-09-27 22:09:43,791 basehttp 19944 5036 "GET /static/images/icon-144x144.png HTTP/1.1" 404 1883
INFO 2025-09-27 22:09:47,059 basehttp 19944 16372 "GET /departments/1/ HTTP/1.1" 200 12414
WARNING 2025-09-27 22:09:47,144 basehttp 19944 16372 "GET /static/images/icon-144x144.png HTTP/1.1" 404 1883
INFO 2025-09-27 22:09:51,363 basehttp 19944 4416 "GET /departments/ HTTP/1.1" 200 11962
WARNING 2025-09-27 22:09:51,430 basehttp 19944 4416 "GET /static/images/icon-144x144.png HTTP/1.1" 404 1883
INFO 2025-09-27 22:09:52,921 basehttp 19944 20112 "GET /programs/ HTTP/1.1" 200 11564
WARNING 2025-09-27 22:09:52,988 basehttp 19944 20112 "GET /static/images/icon-144x144.png HTTP/1.1" 404 1883
INFO 2025-09-27 22:09:53,801 basehttp 19944 20364 "GET /courses/ HTTP/1.1" 200 12202
WARNING 2025-09-27 22:09:53,873 basehttp 19944 20364 "GET /static/images/icon-144x144.png HTTP/1.1" 404 1883
INFO 2025-09-27 22:09:54,839 basehttp 19944 15196 "GET / HTTP/1.1" 200 21027
WARNING 2025-09-27 22:09:54,921 basehttp 19944 15196 "GET /static/images/icon-144x144.png HTTP/1.1" 404 1883
INFO 2025-09-27 22:09:57,547 basehttp 19944 1412 "GET /news/ HTTP/1.1" 200 12180
INFO 2025-09-27 22:09:57,596 basehttp 19944 1412 "GET /media/news/WE_CAN.jpg HTTP/1.1" 304 0
WARNING 2025-09-27 22:09:57,685 basehttp 19944 1412 "GET /static/images/icon-144x144.png HTTP/1.1" 404 1883
INFO 2025-09-27 22:09:58,422 basehttp 19944 20700 "GET /specialists/ HTTP/1.1" 200 11431
INFO 2025-09-27 22:09:58,459 basehttp 19944 20700 "GET /static/css/style.css HTTP/1.1" 304 0
WARNING 2025-09-27 22:09:58,502 basehttp 19944 20700 "GET /static/images/icon-144x144.png HTTP/1.1" 404 1883
INFO 2025-09-27 22:09:59,986 basehttp 19944 17632 "GET / HTTP/1.1" 200 21027
INFO 2025-09-27 22:10:00,069 basehttp 19944 11028 "GET /static/manifest.json HTTP/1.1" 304 0
WARNING 2025-09-27 22:10:00,085 basehttp 19944 17632 "GET /static/images/icon-144x144.png HTTP/1.1" 404 1883
WARNING 2025-09-27 22:10:04,875 log 19944 20072 Not Found: /.well-known/appspecific/com.chrome.devtools.json
WARNING 2025-09-27 22:10:04,876 basehttp 19944 20072 "GET /.well-known/appspecific/com.chrome.devtools.json HTTP/1.1" 404 4069
WARNING 2025-09-27 22:10:08,873 basehttp 19944 20072 "GET /static/images/about-preview.jpg HTTP/1.1" 404 1886
INFO 2025-09-27 22:10:27,650 basehttp 19944 3924 "GET / HTTP/1.1" 200 21027
WARNING 2025-09-27 22:10:27,886 log 19944 3924 Not Found: /.well-known/appspecific/com.chrome.devtools.json
WARNING 2025-09-27 22:10:27,888 basehttp 19944 3924 "GET /.well-known/appspecific/com.chrome.devtools.json HTTP/1.1" 404 4069
INFO 2025-09-27 22:10:27,906 basehttp 19944 3924 "GET /static/js/main.js HTTP/1.1" 304 0
WARNING 2025-09-27 22:10:28,286 basehttp 19944 3924 "GET /static/images/icon-144x144.png HTTP/1.1" 404 1883
WARNING 2025-09-27 22:10:31,387 basehttp 19944 11676 "GET /static/images/about-preview.jpg HTTP/1.1" 404 1886
INFO 2025-09-27 22:10:50,733 basehttp 19944 7848 "GET /departments/ HTTP/1.1" 200 11962
WARNING 2025-09-27 22:10:50,991 log 19944 7848 Not Found: /.well-known/appspecific/com.chrome.devtools.json
WARNING 2025-09-27 22:10:50,993 basehttp 19944 7848 "GET /.well-known/appspecific/com.chrome.devtools.json HTTP/1.1" 404 4069
INFO 2025-09-27 22:10:50,999 basehttp 19944 7848 "GET /static/css/style.css HTTP/1.1" 304 0
INFO 2025-09-27 22:10:51,315 basehttp 19944 6012 "GET /static/manifest.json HTTP/1.1" 304 0
WARNING 2025-09-27 22:10:51,530 basehttp 19944 7848 "GET /static/images/icon-144x144.png HTTP/1.1" 404 1883
INFO 2025-09-27 22:10:53,257 basehttp 19944 12960 "GET /programs/ HTTP/1.1" 200 11564
WARNING 2025-09-27 22:10:53,490 log 19944 12960 Not Found: /.well-known/appspecific/com.chrome.devtools.json
WARNING 2025-09-27 22:10:53,491 basehttp 19944 12960 "GET /.well-known/appspecific/com.chrome.devtools.json HTTP/1.1" 404 4069
INFO 2025-09-27 22:10:53,504 basehttp 19944 12960 "GET /static/js/main.js HTTP/1.1" 304 0
WARNING 2025-09-27 22:10:53,761 basehttp 19944 12960 "GET /static/images/icon-144x144.png HTTP/1.1" 404 1883
INFO 2025-09-27 22:11:30,573 basehttp 19944 6720 "GET /programs/ HTTP/1.1" 200 11564
INFO 2025-09-27 22:11:30,761 basehttp 19944 6720 "GET /static/js/main.js HTTP/1.1" 304 0
WARNING 2025-09-27 22:11:30,797 log 19944 19740 Not Found: /.well-known/appspecific/com.chrome.devtools.json
WARNING 2025-09-27 22:11:30,798 basehttp 19944 19740 "GET /.well-known/appspecific/com.chrome.devtools.json HTTP/1.1" 404 4069
WARNING 2025-09-27 22:11:30,987 basehttp 19944 6720 "GET /static/images/icon-144x144.png HTTP/1.1" 404 1883
INFO 2025-09-27 22:11:35,642 basehttp 19944 19740 "GET / HTTP/1.1" 200 21027
WARNING 2025-09-27 22:11:35,867 log 19944 19740 Not Found: /.well-known/appspecific/com.chrome.devtools.json
WARNING 2025-09-27 22:11:35,868 basehttp 19944 19740 "GET /.well-known/appspecific/com.chrome.devtools.json HTTP/1.1" 404 4069
WARNING 2025-09-27 22:11:36,086 basehttp 19944 19740 "GET /static/images/icon-144x144.png HTTP/1.1" 404 1883
WARNING 2025-09-27 22:11:45,325 basehttp 19944 16232 "GET /static/images/about-preview.jpg HTTP/1.1" 404 1886
INFO 2025-09-27 22:12:20,405 basehttp 19944 1524 "GET /departments/ HTTP/1.1" 200 11962
INFO 2025-09-27 22:12:20,629 basehttp 19944 1524 "GET /static/css/style.css HTTP/1.1" 304 0
INFO 2025-09-27 22:12:20,631 basehttp 19944 10992 "GET /static/js/main.js HTTP/1.1" 304 0
WARNING 2025-09-27 22:12:20,650 log 19944 10444 Not Found: /.well-known/appspecific/com.chrome.devtools.json
WARNING 2025-09-27 22:12:20,651 basehttp 19944 10444 "GET /.well-known/appspecific/com.chrome.devtools.json HTTP/1.1" 404 4069
INFO 2025-09-27 22:12:20,952 basehttp 19944 8144 "GET /static/manifest.json HTTP/1.1" 304 0
WARNING 2025-09-27 22:12:21,135 basehttp 19944 10992 "GET /static/images/icon-144x144.png HTTP/1.1" 404 1883
INFO 2025-09-27 22:12:22,800 basehttp 19944 1524 "GET /courses/ HTTP/1.1" 200 12202
WARNING 2025-09-27 22:12:23,010 log 19944 1524 Not Found: /.well-known/appspecific/com.chrome.devtools.json
WARNING 2025-09-27 22:12:23,011 basehttp 19944 1524 "GET /.well-known/appspecific/com.chrome.devtools.json HTTP/1.1" 404 4069
WARNING 2025-09-27 22:12:23,196 basehttp 19944 1524 "GET /static/images/icon-144x144.png HTTP/1.1" 404 1883
INFO 2025-09-27 22:12:24,838 basehttp 19944 10444 "GET /news/ HTTP/1.1" 200 12180
WARNING 2025-09-27 22:12:25,049 log 19944 10444 Not Found: /.well-known/appspecific/com.chrome.devtools.json
WARNING 2025-09-27 22:12:25,050 basehttp 19944 10444 "GET /.well-known/appspecific/com.chrome.devtools.json HTTP/1.1" 404 4069
WARNING 2025-09-27 22:12:25,318 basehttp 19944 10444 "GET /static/images/icon-144x144.png HTTP/1.1" 404 1883
INFO 2025-09-27 22:12:27,490 basehttp 19944 4360 "GET /specialists/ HTTP/1.1" 200 11431
WARNING 2025-09-27 22:12:27,748 log 19944 4360 Not Found: /.well-known/appspecific/com.chrome.devtools.json
WARNING 2025-09-27 22:12:27,749 basehttp 19944 4360 "GET /.well-known/appspecific/com.chrome.devtools.json HTTP/1.1" 404 4069
WARNING 2025-09-27 22:12:27,898 basehttp 19944 4360 "GET /static/images/icon-144x144.png HTTP/1.1" 404 1883
INFO 2025-09-27 22:12:29,230 basehttp 19944 16372 "GET / HTTP/1.1" 200 21027
WARNING 2025-09-27 22:12:29,440 log 19944 16372 Not Found: /.well-known/appspecific/com.chrome.devtools.json
WARNING 2025-09-27 22:12:29,441 basehttp 19944 16372 "GET /.well-known/appspecific/com.chrome.devtools.json HTTP/1.1" 404 4069
WARNING 2025-09-27 22:12:29,546 basehttp 19944 16372 "GET /static/images/about-preview.jpg HTTP/1.1" 404 1886
WARNING 2025-09-27 22:12:29,660 basehttp 19944 16728 "GET /static/images/icon-144x144.png HTTP/1.1" 404 1883
INFO 2025-09-27 22:16:12,465 basehttp 19944 21100 "GET / HTTP/1.1" 200 21217
WARNING 2025-09-27 22:16:12,698 log 19944 21100 Not Found: /.well-known/appspecific/com.chrome.devtools.json
WARNING 2025-09-27 22:16:12,704 basehttp 19944 21100 "GET /.well-known/appspecific/com.chrome.devtools.json HTTP/1.1" 404 4069
INFO 2025-09-27 22:16:12,706 basehttp 19944 2120 "GET /static/js/main.js HTTP/1.1" 304 0
WARNING 2025-09-27 22:16:12,717 basehttp 19944 1412 "GET /static/images/hero-bg.jpg HTTP/1.1" 404 1868
INFO 2025-09-27 22:16:12,718 basehttp 19944 13300 "GET /static/css/style.css HTTP/1.1" 200 58876
INFO 2025-09-27 22:16:13,055 basehttp 19944 13300 "GET /media/courses/images.jpg HTTP/1.1" 304 0
INFO 2025-09-27 22:16:13,056 basehttp 19944 21100 "GET /media/departments/WE_CAN.jpg HTTP/1.1" 304 0
WARNING 2025-09-27 22:16:13,065 basehttp 19944 2120 "GET /static/images/about-preview.jpg HTTP/1.1" 404 1886
INFO 2025-09-27 22:16:13,255 basehttp 19944 8652 "GET /static/manifest.json HTTP/1.1" 304 0
WARNING 2025-09-27 22:16:13,464 basehttp 19944 21100 "GET /static/images/icon-144x144.png HTTP/1.1" 404 1883
INFO 2025-09-27 22:18:15,894 autoreload 7840 17536 Watching for file changes with StatReloader
INFO 2025-09-27 22:18:41,840 basehttp 19944 16576 "GET / HTTP/1.1" 200 21155
INFO 2025-09-27 22:18:41,884 basehttp 19944 16576 "GET /static/css/style.css HTTP/1.1" 200 60193
INFO 2025-09-27 22:18:41,897 basehttp 19944 16576 "GET /static/js/main.js HTTP/1.1" 200 25669
WARNING 2025-09-27 22:18:42,014 basehttp 19944 16576 "GET /static/images/about-preview.jpg HTTP/1.1" 404 1886
INFO 2025-09-27 22:18:42,110 basehttp 19944 3416 "GET /static/manifest.json HTTP/1.1" 304 0
WARNING 2025-09-27 22:18:42,126 basehttp 19944 20488 "GET /static/images/icon-144x144.png HTTP/1.1" 404 1883
INFO 2025-09-27 22:19:00,591 basehttp 19944 12968 "GET /courses/1/ HTTP/1.1" 200 13796
INFO 2025-09-27 22:19:00,631 basehttp 19944 12968 "GET /static/css/style.css HTTP/1.1" 304 0
INFO 2025-09-27 22:19:00,634 basehttp 19944 588 "GET /static/js/main.js HTTP/1.1" 304 0
WARNING 2025-09-27 22:19:00,724 basehttp 19944 588 "GET /static/images/icon-144x144.png HTTP/1.1" 404 1883
WARNING 2025-09-27 22:19:13,709 basehttp 19944 12968 "GET /static/images/icon-144x144.png HTTP/1.1" 404 1883
INFO 2025-09-27 22:19:34,600 basehttp 19944 5044 "GET /static/css/style.css HTTP/1.1" 304 0
WARNING 2025-09-27 22:19:34,628 log 19944 5044 Not Found: /.well-known/appspecific/com.chrome.devtools.json
WARNING 2025-09-27 22:19:34,629 basehttp 19944 5044 "GET /.well-known/appspecific/com.chrome.devtools.json HTTP/1.1" 404 4069
INFO 2025-09-27 22:22:02,904 basehttp 19944 13848 "GET /departments/ HTTP/1.1" 200 11460
WARNING 2025-09-27 22:22:03,132 log 19944 13848 Not Found: /.well-known/appspecific/com.chrome.devtools.json
WARNING 2025-09-27 22:22:03,136 basehttp 19944 13848 "GET /.well-known/appspecific/com.chrome.devtools.json HTTP/1.1" 404 4069
INFO 2025-09-27 22:22:03,142 basehttp 19944 5100 "GET /static/js/main.js HTTP/1.1" 304 0
INFO 2025-09-27 22:22:03,144 basehttp 19944 3940 "GET /static/css/style.css HTTP/1.1" 200 60765
INFO 2025-09-27 22:22:03,149 basehttp 19944 13848 "GET /media/departments/WE_CAN.jpg HTTP/1.1" 304 0
INFO 2025-09-27 22:22:05,036 basehttp 19944 3940 "GET /news/ HTTP/1.1" 200 11678
WARNING 2025-09-27 22:22:05,259 log 19944 3940 Not Found: /.well-known/appspecific/com.chrome.devtools.json
WARNING 2025-09-27 22:22:05,260 basehttp 19944 3940 "GET /.well-known/appspecific/com.chrome.devtools.json HTTP/1.1" 404 4069
INFO 2025-09-27 22:22:05,269 basehttp 19944 3940 "GET /static/css/style.css HTTP/1.1" 304 0
INFO 2025-09-27 22:22:05,277 basehttp 19944 13848 "GET /media/news/WE_CAN.jpg HTTP/1.1" 304 0
INFO 2025-09-27 22:22:06,553 basehttp 19944 13848 "GET /courses/ HTTP/1.1" 200 11700
WARNING 2025-09-27 22:22:06,790 log 19944 13848 Not Found: /.well-known/appspecific/com.chrome.devtools.json
WARNING 2025-09-27 22:22:06,793 basehttp 19944 13848 "GET /.well-known/appspecific/com.chrome.devtools.json HTTP/1.1" 404 4069
INFO 2025-09-27 22:22:06,812 basehttp 19944 13848 "GET /media/courses/images.jpg HTTP/1.1" 304 0
INFO 2025-09-27 22:22:35,898 basehttp 19944 4280 "GET / HTTP/1.1" 200 20653
WARNING 2025-09-27 22:22:36,129 log 19944 4280 Not Found: /.well-known/appspecific/com.chrome.devtools.json
WARNING 2025-09-27 22:22:36,131 basehttp 19944 4280 "GET /.well-known/appspecific/com.chrome.devtools.json HTTP/1.1" 404 4069
INFO 2025-09-27 22:22:36,157 basehttp 19944 10908 "GET /static/js/main.js HTTP/1.1" 304 0
INFO 2025-09-27 22:22:36,165 basehttp 19944 4280 "GET /static/css/style.css HTTP/1.1" 200 62343
WARNING 2025-09-27 22:22:38,881 basehttp 19944 4280 "GET /static/images/about-preview.jpg HTTP/1.1" 404 1886
INFO 2025-09-27 22:23:48,674 autoreload 17620 18120 Watching for file changes with StatReloader
INFO 2025-09-27 22:24:45,869 basehttp 19944 7808 "GET / HTTP/1.1" 200 20653
WARNING 2025-09-27 22:24:46,068 log 19944 7808 Not Found: /.well-known/appspecific/com.chrome.devtools.json
WARNING 2025-09-27 22:24:46,072 basehttp 19944 7808 "GET /.well-known/appspecific/com.chrome.devtools.json HTTP/1.1" 404 4069
INFO 2025-09-27 22:24:46,077 basehttp 19944 21792 "GET /static/js/main.js HTTP/1.1" 200 26041
INFO 2025-09-27 22:24:46,079 basehttp 19944 8144 "GET /static/css/style.css HTTP/1.1" 200 64122
WARNING 2025-09-27 22:24:46,413 basehttp 19944 8144 "GET /static/images/about-preview.jpg HTTP/1.1" 404 1886
INFO 2025-09-27 22:25:03,251 basehttp 19944 3956 "GET /departments/ HTTP/1.1" 200 11460
WARNING 2025-09-27 22:25:03,473 log 19944 3956 Not Found: /.well-known/appspecific/com.chrome.devtools.json
WARNING 2025-09-27 22:25:03,474 basehttp 19944 3956 "GET /.well-known/appspecific/com.chrome.devtools.json HTTP/1.1" 404 4069
INFO 2025-09-27 22:25:03,493 basehttp 19944 3956 "GET /static/css/style.css HTTP/1.1" 304 0
INFO 2025-09-27 22:25:03,514 basehttp 19944 860 "GET /static/js/main.js HTTP/1.1" 304 0
INFO 2025-09-27 22:25:05,822 basehttp 19944 3956 "GET / HTTP/1.1" 200 20653
WARNING 2025-09-27 22:25:06,025 log 19944 3956 Not Found: /.well-known/appspecific/com.chrome.devtools.json
WARNING 2025-09-27 22:25:06,026 basehttp 19944 3956 "GET /.well-known/appspecific/com.chrome.devtools.json HTTP/1.1" 404 4069
INFO 2025-09-27 22:25:06,038 basehttp 19944 3956 "GET /static/css/style.css HTTP/1.1" 304 0
INFO 2025-09-27 22:25:06,039 basehttp 19944 860 "GET /static/js/main.js HTTP/1.1" 304 0
WARNING 2025-09-27 22:25:09,024 basehttp 19944 860 "GET /static/images/about-preview.jpg HTTP/1.1" 404 1886
INFO 2025-09-27 22:25:16,660 basehttp 19944 11756 "GET /contact/ HTTP/1.1" 200 23381
WARNING 2025-09-27 22:25:16,874 log 19944 11756 Not Found: /.well-known/appspecific/com.chrome.devtools.json
WARNING 2025-09-27 22:25:16,875 basehttp 19944 11756 "GET /.well-known/appspecific/com.chrome.devtools.json HTTP/1.1" 404 4069
INFO 2025-09-27 22:25:16,889 basehttp 19944 11756 "GET /static/css/style.css HTTP/1.1" 304 0
INFO 2025-09-27 22:25:16,892 basehttp 19944 8904 "GET /static/js/main.js HTTP/1.1" 304 0
INFO 2025-09-27 22:25:41,188 basehttp 19944 12384 "GET /admin/ HTTP/1.1" 200 20133
WARNING 2025-09-27 22:25:41,358 log 19944 12384 Not Found: /.well-known/appspecific/com.chrome.devtools.json
WARNING 2025-09-27 22:25:41,359 basehttp 19944 12384 "GET /.well-known/appspecific/com.chrome.devtools.json HTTP/1.1" 404 4069
INFO 2025-09-27 22:25:41,371 basehttp 19944 12384 "GET /static/admin/css/base.css HTTP/1.1" 304 0
INFO 2025-09-27 22:25:41,388 basehttp 19944 1556 "GET /static/admin/css/dark_mode.css HTTP/1.1" 304 0
INFO 2025-09-27 22:25:41,389 basehttp 19944 18204 "GET /static/admin/css/dashboard.css HTTP/1.1" 304 0
INFO 2025-09-27 22:25:41,390 basehttp 19944 15008 "GET /static/admin/css/nav_sidebar.css HTTP/1.1" 304 0
INFO 2025-09-27 22:25:41,391 basehttp 19944 22472 "GET /static/admin/js/theme.js HTTP/1.1" 304 0
INFO 2025-09-27 22:25:41,391 basehttp 19944 780 "GET /static/admin/css/responsive.css HTTP/1.1" 304 0
INFO 2025-09-27 22:25:41,578 basehttp 19944 780 "GET /static/admin/js/nav_sidebar.js HTTP/1.1" 304 0
INFO 2025-09-27 22:25:41,591 basehttp 19944 22472 "GET /static/admin/img/icon-addlink.svg HTTP/1.1" 304 0
INFO 2025-09-27 22:25:41,591 basehttp 19944 15008 "GET /static/admin/img/icon-changelink.svg HTTP/1.1" 304 0
INFO 2025-09-27 22:25:56,920 basehttp 19944 11676 "GET / HTTP/1.1" 200 20653
INFO 2025-09-27 22:25:56,954 basehttp 19944 11676 "GET /static/css/style.css HTTP/1.1" 304 0
INFO 2025-09-27 22:25:56,957 basehttp 19944 3376 "GET /static/js/main.js HTTP/1.1" 304 0
INFO 2025-09-27 22:26:31,724 basehttp 19944 21740 "GET /departments/ HTTP/1.1" 200 11460
INFO 2025-09-27 22:26:31,841 basehttp 19944 21740 "GET /static/css/style.css HTTP/1.1" 304 0
INFO 2025-09-27 22:26:31,845 basehttp 19944 11448 "GET /static/js/main.js HTTP/1.1" 304 0
INFO 2025-09-27 22:26:33,277 basehttp 19944 11448 "GET / HTTP/1.1" 200 20653
INFO 2025-09-27 22:28:19,973 basehttp 19944 6508 "GET /static/css/style.css HTTP/1.1" 304 0
WARNING 2025-09-27 22:28:20,020 log 19944 6508 Not Found: /.well-known/appspecific/com.chrome.devtools.json
WARNING 2025-09-27 22:28:20,022 basehttp 19944 6508 "GET /.well-known/appspecific/com.chrome.devtools.json HTTP/1.1" 404 4069
INFO 2025-09-27 22:32:12,868 basehttp 19944 15176 "GET /departments/ HTTP/1.1" 200 11635
WARNING 2025-09-27 22:32:13,106 log 19944 15176 Not Found: /.well-known/appspecific/com.chrome.devtools.json
WARNING 2025-09-27 22:32:13,107 basehttp 19944 15176 "GET /.well-known/appspecific/com.chrome.devtools.json HTTP/1.1" 404 4069
INFO 2025-09-27 22:32:13,125 basehttp 19944 15176 "GET /static/css/style.css HTTP/1.1" 304 0
INFO 2025-09-27 22:32:13,128 basehttp 19944 10728 "GET /static/js/main.js HTTP/1.1" 304 0
INFO 2025-09-27 22:32:13,140 basehttp 19944 10272 "GET /media/departments/WE_CAN.jpg HTTP/1.1" 304 0
INFO 2025-09-27 22:32:18,504 basehttp 19944 10272 "GET / HTTP/1.1" 200 20828
WARNING 2025-09-27 22:32:18,730 log 19944 10272 Not Found: /.well-known/appspecific/com.chrome.devtools.json
WARNING 2025-09-27 22:32:18,732 basehttp 19944 10272 "GET /.well-known/appspecific/com.chrome.devtools.json HTTP/1.1" 404 4069
INFO 2025-09-27 22:32:18,938 basehttp 19944 10272 "GET /media/courses/images.jpg HTTP/1.1" 304 0
WARNING 2025-09-27 22:32:18,949 basehttp 19944 10728 "GET /static/images/about-preview.jpg HTTP/1.1" 404 1886
INFO 2025-09-27 22:32:20,184 basehttp 19944 10272 "GET /programs/ HTTP/1.1" 200 11237
WARNING 2025-09-27 22:32:20,420 log 19944 10272 Not Found: /.well-known/appspecific/com.chrome.devtools.json
WARNING 2025-09-27 22:32:20,423 basehttp 19944 10272 "GET /.well-known/appspecific/com.chrome.devtools.json HTTP/1.1" 404 4069
INFO 2025-09-27 22:32:21,595 basehttp 19944 10272 "GET /courses/ HTTP/1.1" 200 11875
WARNING 2025-09-27 22:32:21,850 log 19944 10272 Not Found: /.well-known/appspecific/com.chrome.devtools.json
WARNING 2025-09-27 22:32:21,853 basehttp 19944 10272 "GET /.well-known/appspecific/com.chrome.devtools.json HTTP/1.1" 404 4069
INFO 2025-09-27 22:32:24,208 basehttp 19944 10272 "GET / HTTP/1.1" 200 20828
WARNING 2025-09-27 22:32:24,443 log 19944 10272 Not Found: /.well-known/appspecific/com.chrome.devtools.json
WARNING 2025-09-27 22:32:24,445 basehttp 19944 10272 "GET /.well-known/appspecific/com.chrome.devtools.json HTTP/1.1" 404 4069
WARNING 2025-09-27 22:32:24,643 basehttp 19944 10272 "GET /static/images/about-preview.jpg HTTP/1.1" 404 1886
INFO 2025-09-27 22:33:23,889 basehttp 19944 11448 "GET / HTTP/1.1" 200 20828
WARNING 2025-09-27 22:33:24,092 log 19944 11448 Not Found: /.well-known/appspecific/com.chrome.devtools.json
WARNING 2025-09-27 22:33:24,094 basehttp 19944 11448 "GET /.well-known/appspecific/com.chrome.devtools.json HTTP/1.1" 404 4069
INFO 2025-09-27 22:33:24,105 basehttp 19944 21740 "GET /static/js/main.js HTTP/1.1" 304 0
INFO 2025-09-27 22:33:24,107 basehttp 19944 11448 "GET /static/css/style.css HTTP/1.1" 200 64841
WARNING 2025-09-27 22:33:24,426 basehttp 19944 11448 "GET /static/images/about-preview.jpg HTTP/1.1" 404 1886
INFO 2025-09-27 22:37:03,201 basehttp 19944 8492 "GET / HTTP/1.1" 200 20828
INFO 2025-09-27 22:37:03,238 basehttp 19944 18024 "GET /static/js/main.js HTTP/1.1" 304 0
INFO 2025-09-27 22:37:03,240 basehttp 19944 8492 "GET /static/css/style.css HTTP/1.1" 200 67634
WARNING 2025-09-27 22:37:03,289 basehttp 19944 8492 "GET /static/images/about-preview.jpg HTTP/1.1" 404 1886
INFO 2025-09-27 22:37:09,517 basehttp 19944 18024 "GET /static/css/style.css HTTP/1.1" 304 0
WARNING 2025-09-27 22:37:09,554 log 19944 18024 Not Found: /.well-known/appspecific/com.chrome.devtools.json
WARNING 2025-09-27 22:37:09,555 basehttp 19944 18024 "GET /.well-known/appspecific/com.chrome.devtools.json HTTP/1.1" 404 4069
INFO 2025-09-27 22:38:33,023 basehttp 19944 20428 "GET / HTTP/1.1" 200 20828
INFO 2025-09-27 22:38:33,231 basehttp 19944 9560 "GET /static/js/main.js HTTP/1.1" 304 0
INFO 2025-09-27 22:38:33,234 basehttp 19944 20428 "GET /static/css/style.css HTTP/1.1" 200 67460
WARNING 2025-09-27 22:38:33,255 log 19944 15556 Not Found: /.well-known/appspecific/com.chrome.devtools.json
WARNING 2025-09-27 22:38:33,256 basehttp 19944 15556 "GET /.well-known/appspecific/com.chrome.devtools.json HTTP/1.1" 404 4069
INFO 2025-09-27 22:38:33,563 basehttp 19944 20428 "GET /media/courses/images.jpg HTTP/1.1" 304 0
INFO 2025-09-27 22:39:47,660 basehttp 19944 7768 "GET /departments/ HTTP/1.1" 200 11635
WARNING 2025-09-27 22:39:47,944 log 19944 7768 Not Found: /.well-known/appspecific/com.chrome.devtools.json
WARNING 2025-09-27 22:39:47,945 basehttp 19944 7768 "GET /.well-known/appspecific/com.chrome.devtools.json HTTP/1.1" 404 4069
INFO 2025-09-27 22:39:47,973 basehttp 19944 7768 "GET /static/css/style.css HTTP/1.1" 304 0
INFO 2025-09-27 22:39:47,993 basehttp 19944 16960 "GET /media/departments/WE_CAN.jpg HTTP/1.1" 304 0
INFO 2025-09-27 22:39:55,069 basehttp 19944 22468 "GET / HTTP/1.1" 200 20828
WARNING 2025-09-27 22:39:55,283 log 19944 22468 Not Found: /.well-known/appspecific/com.chrome.devtools.json
WARNING 2025-09-27 22:39:55,284 basehttp 19944 22468 "GET /.well-known/appspecific/com.chrome.devtools.json HTTP/1.1" 404 4069
INFO 2025-09-27 22:39:55,295 basehttp 19944 22468 "GET /static/css/style.css HTTP/1.1" 304 0
WARNING 2025-09-27 22:39:55,531 basehttp 19944 22468 "GET /static/images/about-preview.jpg HTTP/1.1" 404 1886
INFO 2025-09-27 22:42:25,712 basehttp 19944 16436 "GET / HTTP/1.1" 200 20819
INFO 2025-09-27 22:42:25,928 basehttp 19944 16436 "GET /static/css/style.css HTTP/1.1" 304 0
INFO 2025-09-27 22:42:25,935 basehttp 19944 3940 "GET /static/js/main.js HTTP/1.1" 304 0
WARNING 2025-09-27 22:42:25,960 log 19944 18480 Not Found: /.well-known/appspecific/com.chrome.devtools.json
WARNING 2025-09-27 22:42:25,963 basehttp 19944 18480 "GET /.well-known/appspecific/com.chrome.devtools.json HTTP/1.1" 404 4069
INFO 2025-09-27 22:42:26,224 basehttp 19944 16436 "GET /media/about/images.jpg HTTP/1.1" 200 12148
INFO 2025-09-27 22:42:40,476 basehttp 19944 10672 "GET /departments/1/ HTTP/1.1" 200 12087
WARNING 2025-09-27 22:42:40,691 log 19944 10672 Not Found: /.well-known/appspecific/com.chrome.devtools.json
WARNING 2025-09-27 22:42:40,692 basehttp 19944 10672 "GET /.well-known/appspecific/com.chrome.devtools.json HTTP/1.1" 404 4069
INFO 2025-09-27 22:42:46,089 basehttp 19944 10672 "GET / HTTP/1.1" 200 20819
WARNING 2025-09-27 22:42:46,308 log 19944 10672 Not Found: /.well-known/appspecific/com.chrome.devtools.json
WARNING 2025-09-27 22:42:46,309 basehttp 19944 10672 "GET /.well-known/appspecific/com.chrome.devtools.json HTTP/1.1" 404 4069
INFO 2025-09-27 22:46:31,499 basehttp 19944 22384 "GET / HTTP/1.1" 200 22236
WARNING 2025-09-27 22:46:31,698 log 19944 780 Not Found: /.well-known/appspecific/com.chrome.devtools.json
WARNING 2025-09-27 22:46:31,706 basehttp 19944 780 "GET /.well-known/appspecific/com.chrome.devtools.json HTTP/1.1" 404 4069
INFO 2025-09-27 22:46:31,708 basehttp 19944 20404 "GET /static/js/main.js HTTP/1.1" 200 26495
INFO 2025-09-27 22:46:31,709 basehttp 19944 22384 "GET /static/css/style.css HTTP/1.1" 200 69505
INFO 2025-09-27 22:46:32,060 basehttp 19944 22384 "GET /media/courses/images.jpg HTTP/1.1" 304 0
INFO 2025-09-27 22:46:51,064 basehttp 19944 8548 "GET / HTTP/1.1" 200 22236
WARNING 2025-09-27 22:46:51,277 log 19944 8548 Not Found: /.well-known/appspecific/com.chrome.devtools.json
WARNING 2025-09-27 22:46:51,279 basehttp 19944 8548 "GET /.well-known/appspecific/com.chrome.devtools.json HTTP/1.1" 404 4069
INFO 2025-09-27 22:46:51,283 basehttp 19944 9676 "GET /static/css/style.css HTTP/1.1" 304 0
INFO 2025-09-27 22:46:51,283 basehttp 19944 16084 "GET /static/js/main.js HTTP/1.1" 304 0
INFO 2025-09-27 22:46:54,604 basehttp 19944 16084 "GET / HTTP/1.1" 200 22236
WARNING 2025-09-27 22:46:54,786 log 19944 9676 Not Found: /.well-known/appspecific/com.chrome.devtools.json
WARNING 2025-09-27 22:46:54,788 basehttp 19944 9676 "GET /.well-known/appspecific/com.chrome.devtools.json HTTP/1.1" 404 4069
INFO 2025-09-27 22:47:09,564 basehttp 19944 9676 "GET /departments/ HTTP/1.1" 200 13052
WARNING 2025-09-27 22:47:09,781 log 19944 9676 Not Found: /.well-known/appspecific/com.chrome.devtools.json
WARNING 2025-09-27 22:47:09,782 basehttp 19944 9676 "GET /.well-known/appspecific/com.chrome.devtools.json HTTP/1.1" 404 4069
INFO 2025-09-27 22:47:09,793 basehttp 19944 9676 "GET /static/css/style.css HTTP/1.1" 304 0
INFO 2025-09-27 22:47:09,794 basehttp 19944 16084 "GET /static/js/main.js HTTP/1.1" 304 0
INFO 2025-09-27 22:47:09,799 basehttp 19944 8548 "GET /media/departments/WE_CAN.jpg HTTP/1.1" 304 0
INFO 2025-09-27 22:47:13,647 basehttp 19944 8548 "GET /programs/ HTTP/1.1" 200 12654
WARNING 2025-09-27 22:47:13,887 log 19944 8548 Not Found: /.well-known/appspecific/com.chrome.devtools.json
WARNING 2025-09-27 22:47:13,888 basehttp 19944 8548 "GET /.well-known/appspecific/com.chrome.devtools.json HTTP/1.1" 404 4069
INFO 2025-09-27 22:47:18,146 basehttp 19944 8548 "GET /courses/ HTTP/1.1" 200 13292
WARNING 2025-09-27 22:47:18,390 log 19944 8548 Not Found: /.well-known/appspecific/com.chrome.devtools.json
WARNING 2025-09-27 22:47:18,392 basehttp 19944 8548 "GET /.well-known/appspecific/com.chrome.devtools.json HTTP/1.1" 404 4069
INFO 2025-09-27 22:47:18,405 basehttp 19944 8548 "GET /static/css/style.css HTTP/1.1" 304 0
INFO 2025-09-27 22:47:18,405 basehttp 19944 16084 "GET /static/js/main.js HTTP/1.1" 304 0
INFO 2025-09-27 22:47:20,822 basehttp 19944 16084 "GET /news/ HTTP/1.1" 200 13270
WARNING 2025-09-27 22:47:21,044 log 19944 16084 Not Found: /.well-known/appspecific/com.chrome.devtools.json
WARNING 2025-09-27 22:47:21,045 basehttp 19944 16084 "GET /.well-known/appspecific/com.chrome.devtools.json HTTP/1.1" 404 4069
INFO 2025-09-27 22:47:21,067 basehttp 19944 16084 "GET /media/news/WE_CAN.jpg HTTP/1.1" 304 0
INFO 2025-09-27 22:48:03,907 basehttp 19944 9484 "GET /news/ HTTP/1.1" 200 13279
WARNING 2025-09-27 22:48:04,131 log 19944 9484 Not Found: /.well-known/appspecific/com.chrome.devtools.json
WARNING 2025-09-27 22:48:04,132 basehttp 19944 9484 "GET /.well-known/appspecific/com.chrome.devtools.json HTTP/1.1" 404 4069
INFO 2025-09-27 22:48:04,155 basehttp 19944 9484 "GET /static/css/style.css HTTP/1.1" 304 0
INFO 2025-09-27 22:48:04,177 basehttp 19944 17176 "GET /static/js/main.js HTTP/1.1" 304 0
INFO 2025-09-27 22:48:13,369 basehttp 19944 17176 "GET /news/ HTTP/1.1" 200 13279
WARNING 2025-09-27 22:48:13,567 log 19944 17176 Not Found: /.well-known/appspecific/com.chrome.devtools.json
WARNING 2025-09-27 22:48:13,569 basehttp 19944 17176 "GET /.well-known/appspecific/com.chrome.devtools.json HTTP/1.1" 404 4069
INFO 2025-09-27 22:48:15,586 basehttp 19944 17176 "GET /news/ HTTP/1.1" 200 13279
WARNING 2025-09-27 22:48:15,800 log 19944 17176 Not Found: /.well-known/appspecific/com.chrome.devtools.json
WARNING 2025-09-27 22:48:15,801 basehttp 19944 17176 "GET /.well-known/appspecific/com.chrome.devtools.json HTTP/1.1" 404 4069
INFO 2025-09-27 22:48:22,893 basehttp 19944 17176 "GET /news/ HTTP/1.1" 200 13270
WARNING 2025-09-27 22:48:23,148 log 19944 17176 Not Found: /.well-known/appspecific/com.chrome.devtools.json
WARNING 2025-09-27 22:48:23,150 basehttp 19944 17176 "GET /.well-known/appspecific/com.chrome.devtools.json HTTP/1.1" 404 4069
INFO 2025-09-27 22:48:23,159 basehttp 19944 9484 "GET /static/css/style.css HTTP/1.1" 304 0
INFO 2025-09-27 22:48:23,175 basehttp 19944 17176 "GET /static/js/main.js HTTP/1.1" 304 0
INFO 2025-09-27 22:49:20,944 basehttp 19944 11124 "GET / HTTP/1.1" 200 22236
WARNING 2025-09-27 22:49:21,187 log 19944 11124 Not Found: /.well-known/appspecific/com.chrome.devtools.json
WARNING 2025-09-27 22:49:21,189 basehttp 19944 11124 "GET /.well-known/appspecific/com.chrome.devtools.json HTTP/1.1" 404 4069
INFO 2025-09-27 22:49:21,205 basehttp 19944 11124 "GET /static/css/style.css HTTP/1.1" 304 0
INFO 2025-09-27 22:49:21,212 basehttp 19944 19568 "GET /static/js/main.js HTTP/1.1" 304 0
INFO 2025-09-27 22:49:51,121 basehttp 19944 11124 "GET / HTTP/1.1" 200 22236
WARNING 2025-09-27 22:49:51,342 log 19944 11124 Not Found: /.well-known/appspecific/com.chrome.devtools.json
INFO 2025-09-27 22:49:51,346 basehttp 19944 19568 "GET /static/css/style.css HTTP/1.1" 304 0
WARNING 2025-09-27 22:49:51,346 basehttp 19944 11124 "GET /.well-known/appspecific/com.chrome.devtools.json HTTP/1.1" 404 4069
INFO 2025-09-27 22:49:51,348 basehttp 19944 15480 "GET /static/js/main.js HTTP/1.1" 200 27148
INFO 2025-09-27 22:49:51,566 basehttp 19944 15480 "GET /media/about/images.jpg HTTP/1.1" 304 0
INFO 2025-09-27 22:50:07,282 basehttp 19944 15480 "GET / HTTP/1.1" 200 22245
WARNING 2025-09-27 22:50:07,514 log 19944 15480 Not Found: /.well-known/appspecific/com.chrome.devtools.json
WARNING 2025-09-27 22:50:07,517 basehttp 19944 15480 "GET /.well-known/appspecific/com.chrome.devtools.json HTTP/1.1" 404 4069
INFO 2025-09-27 22:50:07,522 basehttp 19944 19568 "GET /static/js/main.js HTTP/1.1" 304 0
INFO 2025-09-27 22:50:19,466 basehttp 19944 19568 "GET /news/ HTTP/1.1" 200 13279
WARNING 2025-09-27 22:50:19,692 log 19944 19568 Not Found: /.well-known/appspecific/com.chrome.devtools.json
WARNING 2025-09-27 22:50:19,693 basehttp 19944 19568 "GET /.well-known/appspecific/com.chrome.devtools.json HTTP/1.1" 404 4069
INFO 2025-09-27 22:50:19,706 basehttp 19944 19568 "GET /static/css/style.css HTTP/1.1" 304 0
INFO 2025-09-27 22:50:19,708 basehttp 19944 15480 "GET /static/js/main.js HTTP/1.1" 304 0
